$ cat flag.txt
The actual flag is in acknowledgements.txt.

Acknowledgements:
@AC#4637 for dubious German
$ locate acknowledgements.txt
/bin/sh: 3: locate: not found
$ /bin/bash
/bin/sh: 4: /bin/bash: not found
$ ls
acknowledgements.txt
bin
dev
flag.txt
got_it
got_it.c
lib
lib32
lib64
$ cat acknowledgements.txt
There's some acknowledgements over in flag.txt if you haven't seen that yet.

flag{fl1gh7_0f_7h3_l1bc_func710n5_77e82515}
$  

